// Jest Snapshot v1, https://goo.gl/fbAQLP

exports[`Pruebas en el componenete <AddCategory /> Debe de mostar el componente correctamente 1`] = `
<form
  onSubmit={[Function]}
>
  <input
    onChange={[Function]}
    placeholder="Buscar..."
    type="text"
    value=""
  />
</form>
`;
